../Drivers/CMSIS/Include/core_cm7.h:2464:22:SCB_InvalidateDCache_by_Addr	32	static,ignoring_inline_asm
../LWIP/Target/ethernetif.c:158:13:low_level_init	24	static
../LWIP/Target/ethernetif.c:258:14:low_level_output	80	static
../LWIP/Target/ethernetif.c:305:22:low_level_input	24	static
../LWIP/Target/ethernetif.c:326:6:ethernetif_input	24	static
../LWIP/Target/ethernetif.c:376:7:ethernetif_init	16	static
../LWIP/Target/ethernetif.c:427:6:pbuf_free_custom	24	static
../LWIP/Target/ethernetif.c:449:7:sys_jiffies	8	static
../LWIP/Target/ethernetif.c:460:7:sys_now	8	static
../LWIP/Target/ethernetif.c:473:6:HAL_ETH_MspInit	64	static
../LWIP/Target/ethernetif.c:525:6:HAL_ETH_MspDeInit	16	static
../LWIP/Target/ethernetif.c:566:9:ETH_PHY_IO_Init	8	static
../LWIP/Target/ethernetif.c:583:9:ETH_PHY_IO_DeInit	4	static
../LWIP/Target/ethernetif.c:595:9:ETH_PHY_IO_ReadReg	24	static
../LWIP/Target/ethernetif.c:612:9:ETH_PHY_IO_WriteReg	24	static
../LWIP/Target/ethernetif.c:626:9:ETH_PHY_IO_GetTick	8	static
../LWIP/Target/ethernetif.c:635:6:ethernet_link_check_state	136	static
../LWIP/Target/ethernetif.c:692:6:HAL_ETH_RxAllocateCallback	32	static
../LWIP/Target/ethernetif.c:714:6:HAL_ETH_RxLinkCallback	40	static
../LWIP/Target/ethernetif.c:754:6:HAL_ETH_TxFreeCallback	16	static
../LWIP/Target/ethernetif.c:769:13:ethernetif_notify_conn_changed	16	static
